[INFO] Scanning for projects...
[INFO] 
[INFO] -------------------< com.rentx:rentx-rental-system >--------------------
[INFO] Building RentX Rental System 1.0.0
[INFO]   from pom.xml
[INFO] --------------------------------[ jar ]---------------------------------
[INFO] 
[INFO] >>> spring-boot:3.2.0:run (default-cli) > test-compile @ rentx-rental-system >>>
[WARNING] The artifact mysql:mysql-connector-java:jar:8.0.33 has been relocated to com.mysql:mysql-connector-j:jar:8.0.33: MySQL Connector/J artifacts moved to reverse-DNS compliant Maven 2+ coordinates.
[INFO] 
[INFO] --- resources:3.3.1:resources (default-resources) @ rentx-rental-system ---
[INFO] Copying 2 resources from src/main/resources to target/classes
[INFO] Copying 0 resource from src/main/resources to target/classes
[INFO] 
[INFO] --- compiler:3.11.0:compile (default-compile) @ rentx-rental-system ---
[INFO] Nothing to compile - all classes are up to date
[INFO] 
[INFO] --- resources:3.3.1:testResources (default-testResources) @ rentx-rental-system ---
[INFO] skip non existing resourceDirectory /home/runner/work/RentX-rental-website/RentX-rental-website/src/test/resources
[INFO] 
[INFO] --- compiler:3.11.0:testCompile (default-testCompile) @ rentx-rental-system ---
[INFO] No sources to compile
[INFO] 
[INFO] <<< spring-boot:3.2.0:run (default-cli) < test-compile @ rentx-rental-system <<<
[INFO] 
[INFO] 
[INFO] --- spring-boot:3.2.0:run (default-cli) @ rentx-rental-system ---
[INFO] Attaching agents: []

  .   ____          _            __ _ _
 /\\ / ___'_ __ _ _(_)_ __  __ _ \ \ \ \
( ( )\___ | '_ | '_| | '_ \/ _` | \ \ \ \
 \\/  ___)| |_)| | | | | || (_| |  ) ) ) )
  '  |____| .__|_| |_|_| |_\__, | / / / /
 =========|_|==============|___/=/_/_/_/
 :: Spring Boot ::                (v3.2.0)

2025-09-28 05:01:45 - Starting RentXApplication using Java 17.0.16 with PID 3840 (/home/runner/work/RentX-rental-website/RentX-rental-website/target/classes started by runner in /home/runner/work/RentX-rental-website/RentX-rental-website)
2025-09-28 05:01:45 - Running with Spring Boot v3.2.0, Spring v6.1.1
2025-09-28 05:01:45 - No active profile set, falling back to 1 default profile: "default"
2025-09-28 05:01:45 - Devtools property defaults active! Set 'spring.devtools.add-properties' to 'false' to disable
2025-09-28 05:01:45 - For additional web related logging consider setting the 'logging.level.web' property to 'DEBUG'
2025-09-28 05:01:46 - Bootstrapping Spring Data JPA repositories in DEFAULT mode.
2025-09-28 05:01:46 - Finished Spring Data repository scanning in 40 ms. Found 4 JPA repository interfaces.
2025-09-28 05:01:46 - Tomcat initialized with port 8080 (http)
2025-09-28 05:01:46 - Starting service [Tomcat]
2025-09-28 05:01:46 - Starting Servlet engine: [Apache Tomcat/10.1.16]
2025-09-28 05:01:46 - Initializing Spring embedded WebApplicationContext
2025-09-28 05:01:46 - Root WebApplicationContext: initialization completed in 1070 ms
2025-09-28 05:01:46 - HikariPool-1 - Starting...
2025-09-28 05:01:46 - HikariPool-1 - Added connection conn0: url=jdbc:h2:mem:rentx_db user=SA
2025-09-28 05:01:46 - HikariPool-1 - Start completed.
2025-09-28 05:01:46 - H2 console available at '/h2-console'. Database available at 'jdbc:h2:mem:rentx_db'
2025-09-28 05:01:46 - HHH000204: Processing PersistenceUnitInfo [name: default]
2025-09-28 05:01:46 - HHH000412: Hibernate ORM core version 6.3.1.Final
2025-09-28 05:01:46 - HHH000026: Second-level cache disabled
2025-09-28 05:01:46 - No LoadTimeWeaver setup: ignoring JPA class transformer
2025-09-28 05:01:46 - HHH90000025: H2Dialect does not need to be specified explicitly using 'hibernate.dialect' (remove the property setting and it will be selected by default)
2025-09-28 05:01:47 - HHH000489: No JTA platform available (set 'hibernate.transaction.jta.platform' to enable JTA platform integration)
Hibernate: 
    drop table if exists bookings cascade 
Hibernate: 
    drop table if exists properties cascade 
Hibernate: 
    drop table if exists property_amenities cascade 
Hibernate: 
    drop table if exists property_photos cascade 
Hibernate: 
    drop table if exists reports cascade 
Hibernate: 
    drop table if exists users cascade 
Hibernate: 
    create table bookings (
        booking_date timestamp(6) not null,
        check_in_date timestamp(6),
        check_out_date timestamp(6),
        created_at timestamp(6),
        id bigint generated by default as identity,
        property_id bigint not null,
        tenant_id bigint not null,
        updated_at timestamp(6),
        notes TEXT,
        status varchar(255) not null check (status in ('PENDING','CONFIRMED','CANCELLED','COMPLETED')),
        primary key (id)
    )
Hibernate: 
    create table properties (
        latitude float(53),
        longitude float(53),
        number_of_bathrooms integer,
        number_of_rooms integer,
        rent numeric(38,2) not null,
        security_deposit numeric(38,2),
        created_at timestamp(6),
        id bigint generated by default as identity,
        landlord_id bigint not null,
        updated_at timestamp(6),
        address varchar(500) not null,
        availability_status varchar(255) not null check (availability_status in ('AVAILABLE','BOOKED','MAINTENANCE','UNAVAILABLE')),
        description TEXT,
        furnishing_status varchar(255) check (furnishing_status in ('FURNISHED','SEMI_FURNISHED','UNFURNISHED')),
        property_type varchar(255) not null check (property_type in ('HOSTEL','FLAT','PG')),
        title varchar(255) not null,
        primary key (id)
    )
Hibernate: 
    create table property_amenities (
        property_id bigint not null,
        amenity varchar(255)
    )
Hibernate: 
    create table property_photos (
        property_id bigint not null,
        photo_url varchar(500)
    )
Hibernate: 
    create table reports (
        created_at timestamp(6),
        id bigint generated by default as identity,
        reported_property_id bigint,
        reported_user_id bigint,
        reporter_id bigint not null,
        resolved_at timestamp(6),
        resolved_by_admin_id bigint,
        updated_at timestamp(6),
        admin_response TEXT,
        description TEXT,
        reason TEXT not null,
        report_type varchar(255) not null check (report_type in ('FRAUDULENT_PROPERTY','SUSPICIOUS_LANDLORD','SUSPICIOUS_TENANT','SPAM','OTHER')),
        status varchar(255) not null check (status in ('PENDING','UNDER_REVIEW','RESOLVED','REJECTED')),
        primary key (id)
    )
Hibernate: 
    create table users (
        is_banned boolean not null,
        created_at timestamp(6),
        id bigint generated by default as identity,
        updated_at timestamp(6),
        phone_number varchar(20),
        name varchar(100) not null,
        email varchar(255) not null unique,
        password varchar(255) not null,
        user_type varchar(255) not null check (user_type in ('ADMIN','TENANT','LANDLORD')),
        primary key (id)
    )
Hibernate: 
    alter table if exists bookings 
       add constraint FKj94ktyvmw1driaufktolkpj1c 
       foreign key (property_id) 
       references properties
Hibernate: 
    alter table if exists bookings 
       add constraint FKeg03kra5t9odfw0e171p83jf8 
       foreign key (tenant_id) 
       references users
Hibernate: 
    alter table if exists properties 
       add constraint FK3626x5e2voye7a2hx5703789x 
       foreign key (landlord_id) 
       references users
Hibernate: 
    alter table if exists property_amenities 
       add constraint FKflie0u6fwgptlapkkqgpyh05 
       foreign key (property_id) 
       references properties
Hibernate: 
    alter table if exists property_photos 
       add constraint FK69e7h1tdhx9au151deyhuov0e 
       foreign key (property_id) 
       references properties
Hibernate: 
    alter table if exists reports 
       add constraint FKcnke46xcxn96t7vgctvep0g8b 
       foreign key (reported_property_id) 
       references properties
Hibernate: 
    alter table if exists reports 
       add constraint FKb3bqi44mjskbnwupr31nfq5ui 
       foreign key (reported_user_id) 
       references users
Hibernate: 
    alter table if exists reports 
       add constraint FKd3qiw2om5d2oh5xb7fbdcq225 
       foreign key (reporter_id) 
       references users
Hibernate: 
    alter table if exists reports 
       add constraint FK4pev2tppigsdes0htfd1h96g5 
       foreign key (resolved_by_admin_id) 
       references users
2025-09-28 05:01:47 - Initialized JPA EntityManagerFactory for persistence unit 'default'
2025-09-28 05:01:47 - Hibernate is in classpath; If applicable, HQL parser will be used.
2025-09-28 05:01:48 - Filter 'jwtAuthenticationFilter' configured for use
2025-09-28 05:01:48 - Unable to proxy interface-implementing method [public final void org.springframework.web.filter.OncePerRequestFilter.doFilter(jakarta.servlet.ServletRequest,jakarta.servlet.ServletResponse,jakarta.servlet.FilterChain) throws jakarta.servlet.ServletException,java.io.IOException] because it is marked as final, consider using interface-based JDK proxies instead.
2025-09-28 05:01:48 - Unable to proxy interface-implementing method [public final void org.springframework.web.filter.GenericFilterBean.init(jakarta.servlet.FilterConfig) throws jakarta.servlet.ServletException] because it is marked as final, consider using interface-based JDK proxies instead.
2025-09-28 05:01:48 - spring.jpa.open-in-view is enabled by default. Therefore, database queries may be performed during view rendering. Explicitly configure spring.jpa.open-in-view to disable this warning
2025-09-28 05:01:48 - Will secure any request with [org.springframework.security.web.session.DisableEncodeUrlFilter@4fd57a1, org.springframework.security.web.context.request.async.WebAsyncManagerIntegrationFilter@7c7b5108, org.springframework.security.web.context.SecurityContextHolderFilter@61cac8c7, org.springframework.security.web.header.HeaderWriterFilter@34b3ac9b, org.springframework.web.filter.CorsFilter@b55eac9, org.springframework.security.web.authentication.logout.LogoutFilter@55695d75, com.rentx.rentalsystem.security.JwtAuthenticationFilter@79e5878b, org.springframework.security.web.savedrequest.RequestCacheAwareFilter@2fd3cceb, org.springframework.security.web.servletapi.SecurityContextHolderAwareRequestFilter@7f4a57d8, org.springframework.security.web.authentication.AnonymousAuthenticationFilter@52b45c5, org.springframework.security.web.session.SessionManagementFilter@7461ce0d, org.springframework.security.web.access.ExceptionTranslationFilter@28f62686, org.springframework.security.web.access.intercept.AuthorizationFilter@183c084e]
2025-09-28 05:01:49 - LiveReload server is running on port 35729
2025-09-28 05:01:49 - Tomcat started on port 8080 (http) with context path '/api'
2025-09-28 05:01:49 - Started RentXApplication in 3.916 seconds (process running for 4.205)
2025-09-28 05:02:07 - Initializing Spring DispatcherServlet 'dispatcherServlet'
2025-09-28 05:02:07 - Initializing Servlet 'dispatcherServlet'
2025-09-28 05:02:07 - Completed initialization in 1 ms
2025-09-28 05:02:07 - Securing GET /welcome
2025-09-28 05:02:07 - Set SecurityContextHolder to anonymous SecurityContext
2025-09-28 05:02:07 - Cache miss for REQUEST dispatch to '/api/welcome' (previous null). Performing MatchableHandlerMapping lookup. This is logged once only at WARN level, and every time at TRACE.
2025-09-28 05:02:14 - Closing JPA EntityManagerFactory for persistence unit 'default'
Hibernate: 
    drop table if exists bookings cascade 
Hibernate: 
    drop table if exists properties cascade 
Hibernate: 
    drop table if exists property_amenities cascade 
Hibernate: 
    drop table if exists property_photos cascade 
Hibernate: 
    drop table if exists reports cascade 
Hibernate: 
    drop table if exists users cascade 
2025-09-28 05:02:14 - Invocation of destroy method failed on bean with name 'inMemoryDatabaseShutdownExecutor': org.h2.jdbc.JdbcSQLNonTransientConnectionException: Database is already closed (to disable automatic closing at VM shutdown, add ";DB_CLOSE_ON_EXIT=FALSE" to the db URL) [90121-224]
2025-09-28 05:02:14 - HikariPool-1 - Shutdown initiated...
2025-09-28 05:02:14 - HikariPool-1 - Shutdown completed.
